[0.064s] Invoking command in '/home/winner_bishal/ros2_delta_ws/build/delta_interfaces': /usr/bin/cmake /home/winner_bishal/ros2_delta_ws/src/delta_interfaces -DCMAKE_INSTALL_PREFIX=/home/winner_bishal/ros2_delta_ws/install/delta_interfaces
[0.111s] -- The C compiler identification is GNU 11.4.0
[0.166s] -- The CXX compiler identification is GNU 11.4.0
[0.172s] -- Detecting C compiler ABI info
[0.237s] -- Detecting C compiler ABI info - done
[0.245s] -- Check for working C compiler: /usr/bin/cc - skipped
[0.245s] -- Detecting C compile features
[0.246s] -- Detecting C compile features - done
[0.249s] -- Detecting CXX compiler ABI info
[0.321s] -- Detecting CXX compiler ABI info - done
[0.329s] -- Check for working CXX compiler: /usr/bin/c++ - skipped
[0.329s] -- Detecting CXX compile features
[0.329s] -- Detecting CXX compile features - done
[0.332s] -- Found ament_cmake: 1.3.8 (/opt/ros/humble/share/ament_cmake/cmake)
[0.459s] -- Found Python3: /usr/bin/python3 (found version "3.10.12") found components: Interpreter 
[0.532s] -- Found rosidl_default_generators: 1.2.0 (/opt/ros/humble/share/rosidl_default_generators/cmake)
[0.535s] -- Using all available rosidl_typesupport_c: rosidl_typesupport_fastrtps_c;rosidl_typesupport_introspection_c
[0.541s] -- Found rosidl_adapter: 3.1.5 (/opt/ros/humble/share/rosidl_adapter/cmake)
[0.576s] -- Using all available rosidl_typesupport_cpp: rosidl_typesupport_fastrtps_cpp;rosidl_typesupport_introspection_cpp
[0.746s] Error parsing '/home/winner_bishal/ros2_delta_ws/src/delta_interfaces/package.xml':
[0.783s] Traceback (most recent call last):
[0.783s]   File "/usr/lib/python3/dist-packages/catkin_pkg/package.py", line 610, in parse_package_string
[0.783s]     root = dom.parseString(data)
[0.783s]   File "/usr/lib/python3.10/xml/dom/minidom.py", line 2000, in parseString
[0.783s]     return expatbuilder.parseString(string)
[0.784s]   File "/usr/lib/python3.10/xml/dom/expatbuilder.py", line 925, in parseString
[0.784s]     return builder.parseString(string)
[0.784s]   File "/usr/lib/python3.10/xml/dom/expatbuilder.py", line 223, in parseString
[0.784s]     parser.Parse(string, True)
[0.784s] xml.parsers.expat.ExpatError: mismatched tag: line 13, column 40
[0.784s] 
[0.784s] During handling of the above exception, another exception occurred:
[0.784s] 
[0.784s] Traceback (most recent call last):
[0.784s]   File "/opt/ros/humble/share/ament_cmake_core/cmake/core/package_xml_2_cmake.py", line 150, in <module>
[0.784s]     main()
[0.784s]   File "/opt/ros/humble/share/ament_cmake_core/cmake/core/package_xml_2_cmake.py", line 53, in main
[0.784s]     raise e
[0.784s]   File "/opt/ros/humble/share/ament_cmake_core/cmake/core/package_xml_2_cmake.py", line 49, in main
[0.784s]     package = parse_package_string(
[0.784s]   File "/usr/lib/python3/dist-packages/catkin_pkg/package.py", line 612, in parse_package_string
[0.784s]     raise InvalidPackage('The manifest contains invalid XML:\n%s' % ex, filename)
[0.784s] catkin_pkg.package.InvalidPackage: Error(s) in package '/home/winner_bishal/ros2_delta_ws/src/delta_interfaces/package.xml':
[0.785s] The manifest contains invalid XML:
[0.785s] mismatched tag: line 13, column 40
[0.794s] [31mCMake Error at /opt/ros/humble/share/ament_cmake_core/cmake/core/ament_package_xml.cmake:95 (message):
[0.794s]   execute_process(/usr/bin/python3
[0.794s]   /opt/ros/humble/share/ament_cmake_core/cmake/core/package_xml_2_cmake.py
[0.795s]   /home/winner_bishal/ros2_delta_ws/src/delta_interfaces/package.xml
[0.795s]   /home/winner_bishal/ros2_delta_ws/build/delta_interfaces/ament_cmake_core/package.cmake)
[0.795s]   returned error code 1
[0.795s] Call Stack (most recent call first):
[0.795s]   /opt/ros/humble/share/ament_cmake_core/cmake/core/ament_package_xml.cmake:49 (_ament_package_xml)
[0.795s]   /opt/ros/humble/share/rosidl_cmake/cmake/rosidl_generate_interfaces.cmake:226 (ament_package_xml)
[0.795s]   CMakeLists.txt:12 (rosidl_generate_interfaces)
[0.795s] 
[0.795s] [0m
[0.795s] -- Configuring incomplete, errors occurred!
[0.795s] See also "/home/winner_bishal/ros2_delta_ws/build/delta_interfaces/CMakeFiles/CMakeOutput.log".
[0.801s] Invoked command in '/home/winner_bishal/ros2_delta_ws/build/delta_interfaces' returned '1': /usr/bin/cmake /home/winner_bishal/ros2_delta_ws/src/delta_interfaces -DCMAKE_INSTALL_PREFIX=/home/winner_bishal/ros2_delta_ws/install/delta_interfaces
